
==========================
    Clone repositories    
==========================

[CLONE] hekate - Yorunokyujitsu
  branch    : custom (bd9a49d7)

[CLONE] Atmosphere - Yorunokyujitsu
  branch    : custom (efdfe38c4)

[CLONE] nx-hbloader - switchbrew
  branch    : default (82b9512)

[CLONE] Ultrahand-Overlay - ppkantorski
  branch    : commit (580b4734)
  submodule : libultrahand (145ee51)

[CLONE] EdiZon-Overlay - ppkantorski
  branch    : commit (769344a)
  submodule : libultrahand (f4fdce0)

[CLONE] FPSLocker - masagrator
  branch    : commit (7b316c9)

[CLONE] NX-FanControl - ppkantorski
  branch    : commit (2580291)
  submodule : libfancontrol (2cb987c)
  submodule : libultrahand (f4fdce0)

[CLONE] ovl-sysmodules - ppkantorski
  branch    : commit (005a075)
  submodule : libultrahand (f4fdce0)

[CLONE] ReverseNX-RT - masagrator
  branch    : commit (725eb27)
  submodule : Atmosphere-libs (2d522dc)
  submodule : libtesla (779b4ea)

[CLONE] Status-Monitor-Overlay - ppkantorski
  branch    : commit (f870971)
  submodule : Atmosphere-libs (6e2c09c)
  submodule : libultrahand (145ee51)

[CLONE] aio-switch-updater - HamletDuFromage
  branch    : commit (3d38eaa)
  submodule : TegraExplorer (26f992d)
  submodule : borealis (25651d2)
  rename    : ASAP-Updater

[CLONE] linkalho - impeeza
  branch    : commit (a34e7b0)
  submodule : borealis (25651d2)

[SKIP] local project: hekate_8GB

[SKIP] local project: LockPick

Done
